itsfo@FrolovPC MINGW64 ~/Desktop/Frol/Искандаров (master)
$ git config --global user.name "Marsel11"
git
itsfo@FrolovPC MINGW64 ~/Desktop/Frol/Искандаров (master)
$ git config --global user.email "marsel123iskandarov@gmail.com"

itsfo@FrolovPC MINGW64 ~/Desktop/Frol/Искандаров (master)
$ git init
Initialized empty Git repository in C:/Users/itsfo/Desktop/Frol/Искандаров/.git/

itsfo@FrolovPC MINGW64 ~/Desktop/Frol/Искандаров (master)
$ git status
On branch master

No commits yet

Untracked files:
  (use "git add <file>..." to include in what will be committed)
        .gitignore
        README.md
        console.txt
        logs/

nothing added to commit but untracked files present (use "git add" to track)

itsfo@FrolovPC MINGW64 ~/Desktop/Frol/Искандаров (master)
$ git add .

itsfo@FrolovPC MINGW64 ~/Desktop/Frol/Искандаров (master)
$ git status
On branch master

No commits yet

Changes to be committed:
  (use "git rm --cached <file>..." to unstage)
        new file:   .gitignore
        new file:   README.md
        new file:   console.txt
        new file:   logs/log1.txt
        new file:   logs/log3.txt


itsfo@FrolovPC MINGW64 ~/Desktop/Frol/Искандаров (master)
$ git clone https://github.com/Marsel11/lub1.git
Cloning into 'lub1'...
remote: Enumerating objects: 6, done.
remote: Counting objects: 100% (6/6), done.
remote: Compressing objects: 100% (5/5), done.
remote: Total 6 (delta 0), reused 6 (delta 0), pack-reused 0
Receiving objects: 100% (6/6), 33.16 KiB | 82.00 KiB/s, done.

itsfo@FrolovPC MINGW64 ~/Desktop/Frol/Искандаров (master)
$ git status
On branch master

No commits yet

Changes to be committed:
  (use "git rm --cached <file>..." to unstage)
        new file:   .gitignore
        new file:   README.md
        new file:   console.txt
        new file:   logs/log1.txt
        new file:   logs/log3.txt

Untracked files:
  (use "git add <file>..." to include in what will be committed)
        lub1/

git
itsfo@FrolovPC MINGW64 ~/Desktop/Frol/Искандаров (master)
$ git add .
warning: adding embedded git repository: lub1
hint: You've added another git repository inside your current repository.
hint: Clones of the outer repository will not contain the contents of
hint: the embedded repository and will not know how to obtain it.
hint: If you meant to add a submodule, use:
hint:
hint:   git submodule add <url> lub1
hint:
hint: If you added this path by mistake, you can remove it from the
hint: index with:
hint:
hint:   git rm --cached lub1
hint:
hint: See "git help submodule" for more information.

itsfo@FrolovPC MINGW64 ~/Desktop/Frol/Искандаров (master)
$ git status
On branch master

No commits yet

Changes to be committed:
  (use "git rm --cached <file>..." to unstage)
        new file:   .gitignore
        new file:   README.md
        new file:   console.txt
        new file:   logs/log1.txt
        new file:   logs/log3.txt
        new file:   lub1
